C51 COMPILER V9.54   MAIN                                                                  06/03/2019 17:47:49 PAGE 1   


C51 COMPILER V9.54, COMPILATION OF MODULE MAIN
OBJECT MODULE PLACED IN .\Objects\main.obj
COMPILER INVOKED BY: D:\Keil_v5\C51\BIN\C51.EXE USER\main.c OPTIMIZE(8,SPEED) BROWSE INCDIR(.\USER;.\START;.\Hardware\IO
                    -_FUNC;.\Hardware\USART;.\Hardware\TIM) DEBUG OBJECTEXTEND PRINT(.\Listings\main.lst) TABS(2) OBJECT(.\Objects\main.obj)

line level    source

   1          #include "main.h"
   2          
   3          
   4          int main(void)
   5          {
   6   1        sys_para cur_syspara,old_syspara;
   7   1        memset(&cur_syspara,0,sizeof(cur_syspara));
   8   1        memset(&old_syspara,0,sizeof(old_syspara)); //
   9   1        memset(Rec_Buff,0,sizeof(Rec_Buff)); //接收输出赋予初值
  10   1        IO_init();
  11   1        MasterUsart_Init(9600);//主机串口初始化
  12   1        //SlaverUsart_Init(115200);//从机串口初始化
  13   1        /***需要确认初始值来开机初始化同时修改 old_syspara 的值**/
  14   1        IRQ_ENABLE; //开启全局中断
  15   1      
  16   1        while(1)
  17   1        {
  18   2          if(Rec_Finish == True)  //接收完成
  19   2          {
  20   3            if(Rec_Buff[0] == 'A' && Rec_Buff[3] == 'F')
  21   3            {
  22   4              if(Rec_Buff[2] == '1')
  23   4              {
  24   5                if(Rec_Buff[1] == '3')
  25   5                {
  26   6                  S1 = 1;
  27   6                  PD1 = 1;          
  28   6                  D1 = 0;     
  29   6                }
  30   5                else if(Rec_Buff[1] == '4')
  31   5                {
  32   6                  S1 = 0;
  33   6                  PD1 = 0;        
  34   6                  D1 = 0;     
  35   6                }
  36   5                else
  37   5                {
  38   6                
  39   6                }
  40   5              }
  41   4              else if(Rec_Buff[2] == '2')
  42   4              {
  43   5                if(Rec_Buff[1] == '3')
  44   5                {
  45   6                  S2 = 1;
  46   6                  PD2 = 1;          
  47   6                  D1 = 0;             
  48   6                }
  49   5                else if(Rec_Buff[1] == '4')
  50   5                {
  51   6                  S2 = 0;
  52   6                  PD2 = 0;          
  53   6                  D1 = 0;           
  54   6                }
C51 COMPILER V9.54   MAIN                                                                  06/03/2019 17:47:49 PAGE 2   

  55   5                else
  56   5                {
  57   6                
  58   6                }
  59   5              }
  60   4              else if(Rec_Buff[2] == '3')
  61   4              {
  62   5                if(Rec_Buff[1] == '3')
  63   5                {
  64   6                  S3 = 1;
  65   6                  PD3 = 1;          
  66   6                  D1 = 0;           
  67   6                }
  68   5                else if(Rec_Buff[1] == '4')
  69   5                {
  70   6                  S3 = 0;
  71   6                  PD3 = 0;          
  72   6                  D1 = 0;         
  73   6                }
  74   5                else
  75   5                {
  76   6                } 
  77   5              }
  78   4              else if(Rec_Buff[2] == '5')
  79   4              {
  80   5                if(Rec_Buff[1] == '3')
  81   5                {
  82   6                  S5 = 1;
  83   6                  PD1 = 1;          
  84   6                  D1 = 1;           
  85   6                }
  86   5                else if(Rec_Buff[1] == '4')
  87   5                {
  88   6                  S5 = 0;
  89   6                  PD1 = 0;          
  90   6                  D1 = 0;           
  91   6                }
  92   5                else
  93   5                {
  94   6                }     
  95   5              }
  96   4              else if(Rec_Buff[2] == '6')
  97   4              {
  98   5                if(Rec_Buff[1] == '3')
  99   5                {
 100   6                  S6 = 1;
 101   6                  PD2 = 1;          
 102   6                  D2 = 1;         
 103   6                }
 104   5                else if(Rec_Buff[1] == '4')
 105   5                {
 106   6                  S6 = 0;
 107   6                  PD2 = 0;          
 108   6                  D2 = 0;       
 109   6                }
 110   5                else
 111   5                {
 112   6                }   
 113   5              }
 114   4              else if(Rec_Buff[2] == '7')
 115   4              {
 116   5                if(Rec_Buff[1] == '3')
C51 COMPILER V9.54   MAIN                                                                  06/03/2019 17:47:49 PAGE 3   

 117   5                {
 118   6                  S7 = 1;         
 119   6                }
 120   5                else if(Rec_Buff[1] == '4')
 121   5                {
 122   6                  S7 = 0;
 123   6                
 124   6                }
 125   5                else
 126   5                {
 127   6                }     
 128   5              }
 129   4      
 130   4            }
 131   3            memset(&cur_syspara,0,sizeof(cur_syspara));
 132   3            memset(Rec_Buff,0,sizeof(Rec_Buff)); 
 133   3            Rec_Finish = ~Rec_Finish;
 134   3          }
 135   2        }
 136   1      }


MODULE INFORMATION:   STATIC OVERLAYABLE
   CODE SIZE        =    297    ----
   CONSTANT SIZE    =   ----    ----
   XDATA SIZE       =   ----    ----
   PDATA SIZE       =   ----    ----
   DATA SIZE        =      6      16
   IDATA SIZE       =   ----    ----
   BIT SIZE         =   ----    ----
END OF MODULE INFORMATION.


C51 COMPILATION COMPLETE.  0 WARNING(S),  0 ERROR(S)
